[medicure-html.cmsmasters.net/index.html]
[backblue.gif]
[fade.gif]
[index.html]
[medicure-html.cmsmasters.net/images/favicon.ico]
[medicure-html.cmsmasters.net/css/style.css]
[medicure-html.cmsmasters.net/css/styles/fonts.css]
[medicure-html.cmsmasters.net/css/styles/adaptive.css]
[medicure-html.cmsmasters.net/css/styles/retina.css]
[medicure-html.cmsmasters.net/css/fonts/css/fontello.css]
[medicure-html.cmsmasters.net/css/styles/jackbox.css]
[medicure-html.cmsmasters.net/css/styles/jquery.jPlayer.css]
[medicure-html.cmsmasters.net/revolution/css/dynamic-captions.css]
[medicure-html.cmsmasters.net/revolution/css/static-captions.css]
[medicure-html.cmsmasters.net/revolution/css/settings.css]
[medicure-html.cmsmasters.net/images/wp-version.jpg]
[medicure-html.cmsmasters.net/js/modernizr.custom.all.js]
[medicure-html.cmsmasters.net/images/img/facebook.png]
[medicure-html.cmsmasters.net/images/img/twitter.png]
[medicure-html.cmsmasters.net/images/img/rss.png]
[medicure-html.cmsmasters.net/images/img/linkedin.png]
[medicure-html.cmsmasters.net/js/jquery.min.js]
[medicure-html.cmsmasters.net/images/img/skype.png]
[medicure-html.cmsmasters.net/index-2.html]
[medicure-html.cmsmasters.net/images/logo-jpeg.jpg]
[medicure-html.cmsmasters.net/person_block.html]
[medicure-html.cmsmasters.net/featured.html]
[medicure-html.cmsmasters.net/colored_blocks.html]
[medicure-html.cmsmasters.net/columns.html]
[medicure-html.cmsmasters.net/tabs_and_toggle.html]
[medicure-html.cmsmasters.net/information_boxes.html]
[medicure-html.cmsmasters.net/pricing_tables.html]
[medicure-html.cmsmasters.net/content_slider.html]
[medicure-html.cmsmasters.net/posttype.html]
[medicure-html.cmsmasters.net/statistics.html]
[medicure-html.cmsmasters.net/contact_form.html]
[medicure-html.cmsmasters.net/lightboxes.html]
[medicure-html.cmsmasters.net/media.html]
[medicure-html.cmsmasters.net/player.html]
[medicure-html.cmsmasters.net/googlemaps.html]
[medicure-html.cmsmasters.net/about.html]
[medicure-html.cmsmasters.net/error.html]
[medicure-html.cmsmasters.net/pass.html]
[medicure-html.cmsmasters.net/sitemap.html]
[medicure-html.cmsmasters.net/lsidebar.html]
[medicure-html.cmsmasters.net/rsidebar.html]
[medicure-html.cmsmasters.net/timeline_service.html]
[medicure-html.cmsmasters.net/timeline.html]
[medicure-html.cmsmasters.net/testimonials.html]
[medicure-html.cmsmasters.net/heading.html]
[medicure-html.cmsmasters.net/heading_text.html]
[medicure-html.cmsmasters.net/no_heading.html]
[medicure-html.cmsmasters.net/heading_text_icon.html]
[medicure-html.cmsmasters.net/typography.html]
[medicure-html.cmsmasters.net/widgets.html]
[medicure-html.cmsmasters.net/service_four.html]
[medicure-html.cmsmasters.net/service_three.html]
[medicure-html.cmsmasters.net/service_two.html]
[medicure-html.cmsmasters.net/doctors.html]
[medicure-html.cmsmasters.net/appointments.html]
[medicure-html.cmsmasters.net/blog.html]
[medicure-html.cmsmasters.net/contacts.html]
[medicure-html.cmsmasters.net/images/image-1.jpg]
[medicure-html.cmsmasters.net/images/caption-2.png]
[medicure-html.cmsmasters.net/images/image-2.jpg]
[medicure-html.cmsmasters.net/images/tick-2.png]
[medicure-html.cmsmasters.net/images/image-3.jpg]
[medicure-html.cmsmasters.net/images/home-3-150x150.png]
[medicure-html.cmsmasters.net/diagnosis_clinic.html]
[medicure-html.cmsmasters.net/images/happy-baby-s-440x440.jpg]
[medicure-html.cmsmasters.net/images/ultrasound-s-440x440.jpg]
[medicure-html.cmsmasters.net/images/biochemical-research-s-440x440.jpg]
[medicure-html.cmsmasters.net/images/consultation-s-1-440x440.jpg]
[medicure-html.cmsmasters.net/images/stethoscope-on-clipboard-s-440x440.jpg]
[medicure-html.cmsmasters.net/images/male-doctor-440x440.jpg]
[medicure-html.cmsmasters.net/images/Young-attractive-man-440x440.jpg]
[medicure-html.cmsmasters.net/images/personal-counselor-s-440x440.jpg]
[medicure-html.cmsmasters.net/images/stethoscope-on-clipboard-s-150x150.jpg]
[medicure-html.cmsmasters.net/images/doctor-at-the-gym-710400-1-150x150.jpg]
[medicure-html.cmsmasters.net/images/Dentist-Sandy-150x150.jpg]
[medicure-html.cmsmasters.net/images/happy-to-help-you-150x150.jpg]
[medicure-html.cmsmasters.net/images/Woman-smiling-2-150x150.jpg]
[medicure-html.cmsmasters.net/images/Smiling-Man-17-150x150.jpg]
[medicure-html.cmsmasters.net/images/female-practitioner-s-11-440x440.jpg]
[medicure-html.cmsmasters.net/dr_michael_linden.html]
[medicure-html.cmsmasters.net/images/smiling-doctor-with-chin-on-hand-s-440x440.jpg]
[medicure-html.cmsmasters.net/images/successful-physician-s-2-440x440.jpg]
[medicure-html.cmsmasters.net/js/respond.min.js]
[medicure-html.cmsmasters.net/js/jquery.easing.min6f3e.js]
[medicure-html.cmsmasters.net/js/jquery.script.js]
[medicure-html.cmsmasters.net/revolution/js/jquery.themepunch.revolution.js]
[medicure-html.cmsmasters.net/revolution/js/jquery.themepunch.revolution.min.js]
[medicure-html.cmsmasters.net/js/jquery.flickrfeed.min.js]
[medicure-html.cmsmasters.net/js/jackbox-lib.js]
[medicure-html.cmsmasters.net/js/jquery.tweet.min.js]
[medicure-html.cmsmasters.net/revolution/js/jquery.themepunch.plugins.min.js]
[medicure-html.cmsmasters.net/js/jackbox.js]
[medicure-html.cmsmasters.net/js/jquery.validationEngine-lang.js]
[medicure-html.cmsmasters.net/index.html]
[medicure-html.cmsmasters.net/js/jquery.validationEngine.min.js]
[medicure-html.cmsmasters.net/images/img/bg.png]
[medicure-html.cmsmasters.net/images/img/list_image.png]
[medicure-html.cmsmasters.net/images/img/loader.gif]
[medicure-html.cmsmasters.net/images/img/error.png]
[medicure-html.cmsmasters.net/images/img/success.png]
[medicure-html.cmsmasters.net/images/img/notice.png]
[medicure-html.cmsmasters.net/images/img/warning.png]
[medicure-html.cmsmasters.net/images/img/download.png]
[medicure-html.cmsmasters.net/images/img/radio_check.png]
[medicure-html.cmsmasters.net/images/img/radio_check_bottom.png]
[medicure-html.cmsmasters.net/css/style.css]
[medicure-html.cmsmasters.net/css/styles/fonts.css]
[medicure-html.cmsmasters.net/css/styles/adaptive.css]
[medicure-html.cmsmasters.net/css/styles/retina.css]
[medicure-html.cmsmasters.net/css/fonts/icons1c87.eot]
[medicure-html.cmsmasters.net/css/fonts/icons1c87.woff]
[medicure-html.cmsmasters.net/css/fonts/css/fontello.css]
[medicure-html.cmsmasters.net/images/img/jackbox/ie_bg.png]
[medicure-html.cmsmasters.net/images/img/jackbox/panel_left.png]
[medicure-html.cmsmasters.net/images/img/jackbox/panel_right.png]
[medicure-html.cmsmasters.net/images/img/jackbox/panel_left_over.png]
[medicure-html.cmsmasters.net/images/img/jackbox/panel_right_over.png]
[medicure-html.cmsmasters.net/images/img/jackbox/left_arrow.png]
[medicure-html.cmsmasters.net/images/img/jackbox/right_arrow.png]
[medicure-html.cmsmasters.net/images/img/jackbox/info.png]
[medicure-html.cmsmasters.net/images/img/jackbox/thumbs_show.png]
[medicure-html.cmsmasters.net/images/img/jackbox/thumbs_hide.png]
[medicure-html.cmsmasters.net/images/img/jackbox/exit.png]
[medicure-html.cmsmasters.net/images/img/jackbox/fullscreen.png]
[medicure-html.cmsmasters.net/images/img/jackbox/normalscreen.png]
[medicure-html.cmsmasters.net/images/img/jackbox/thumb_left.png]
[medicure-html.cmsmasters.net/images/img/jackbox/thumb_right.png]
[medicure-html.cmsmasters.net/images/img/jackbox/ie_preloader.gif]
[medicure-html.cmsmasters.net/images/img/jackbox/retina/left_arrow@2x.png]
[medicure-html.cmsmasters.net/images/img/jackbox/retina/right_arrow@2x.png]
[medicure-html.cmsmasters.net/images/img/jackbox/retina/info@2x.png]
[medicure-html.cmsmasters.net/images/img/jackbox/retina/thumbs_show@2x.png]
[medicure-html.cmsmasters.net/images/img/jackbox/retina/thumbs_hide@2x.png]
[medicure-html.cmsmasters.net/images/img/jackbox/retina/exit@2x.png]
[medicure-html.cmsmasters.net/images/img/jackbox/retina/fullscreen@2x.png]
[medicure-html.cmsmasters.net/images/img/jackbox/retina/normalscreen@2x.png]
[medicure-html.cmsmasters.net/images/img/jackbox/retina/thumb_left@2x.png]
[medicure-html.cmsmasters.net/images/img/jackbox/retina/thumb_right@2x.png]
[medicure-html.cmsmasters.net/images/img/jackbox/retina/panel_left@2x.png]
[medicure-html.cmsmasters.net/images/img/jackbox/retina/panel_right@2x.png]
[medicure-html.cmsmasters.net/images/img/jackbox/retina/panel_left_over@2x.png]
[medicure-html.cmsmasters.net/images/img/jackbox/retina/panel_right_over@2x.png]
[medicure-html.cmsmasters.net/css/styles/jackbox.css]
[medicure-html.cmsmasters.net/images/img/jPlayer/jp_bg.png]
[medicure-html.cmsmasters.net/images/img/jPlayer/jp_sprite.png]
[medicure-html.cmsmasters.net/images/img/jPlayer/jp_load.gif]
[medicure-html.cmsmasters.net/images/img/jPlayer/jp_play.png]
[medicure-html.cmsmasters.net/css/styles/jquery.jPlayer.css]
[medicure-html.cmsmasters.net/revolution/css/dynamic-captions.css]
[medicure-html.cmsmasters.net/revolution/css/static-captions.css]
[medicure-html.cmsmasters.net/revolution/assets/gridtile.png]
[medicure-html.cmsmasters.net/revolution/assets/gridtile_white.png]
[medicure-html.cmsmasters.net/revolution/assets/gridtile_3x3.png]
[medicure-html.cmsmasters.net/revolution/assets/gridtile_3x3_white.png]
[medicure-html.cmsmasters.net/revolution/assets/shadow1.png]
[medicure-html.cmsmasters.net/revolution/assets/shadow2.png]
[medicure-html.cmsmasters.net/revolution/assets/shadow3.png]
[medicure-html.cmsmasters.net/revolution/assets/boxed_bgtile.png]
[medicure-html.cmsmasters.net/revolution/assets/navigdots_bgtile.png]
[medicure-html.cmsmasters.net/revolution/assets/bullets.png]
[medicure-html.cmsmasters.net/revolution/assets/bullets2.png]
[medicure-html.cmsmasters.net/revolution/assets/bullet_boxed.png]
[medicure-html.cmsmasters.net/revolution/assets/navigdots.png]
[medicure-html.cmsmasters.net/revolution/assets/large_left.png]
[medicure-html.cmsmasters.net/revolution/assets/large_right.png]
[medicure-html.cmsmasters.net/revolution/assets/small_left.png]
[medicure-html.cmsmasters.net/revolution/assets/small_right.png]
[medicure-html.cmsmasters.net/revolution/assets/arrow_left.png]
[medicure-html.cmsmasters.net/revolution/assets/arrow_right.png]
[medicure-html.cmsmasters.net/revolution/assets/small_left_boxed.png]
[medicure-html.cmsmasters.net/revolution/assets/small_right_boxed.png]
[medicure-html.cmsmasters.net/revolution/assets/arrowleft.png]
[medicure-html.cmsmasters.net/revolution/assets/arrowright.png]
[medicure-html.cmsmasters.net/revolution/assets/arrow_left2.png]
[medicure-html.cmsmasters.net/revolution/assets/arrow_right2.png]
[medicure-html.cmsmasters.net/revolution/assets/timer.png]
[medicure-html.cmsmasters.net/revolution/assets/coloredbg.png]
[medicure-html.cmsmasters.net/revolution/assets/loader.gif]
[medicure-html.cmsmasters.net/revolution/css/settings.css]
[medicure-html.cmsmasters.net/index-2.html]
[medicure-html.cmsmasters.net/person_block.html]
[medicure-html.cmsmasters.net/featured.html]
[medicure-html.cmsmasters.net/images/colored-blocks_01.png]
[medicure-html.cmsmasters.net/images/colored-blocks_02.png]
[medicure-html.cmsmasters.net/images/colored-blocks_03.png]
[medicure-html.cmsmasters.net/images/colored-blocks_04.png]
[medicure-html.cmsmasters.net/colored_blocks.html]
[medicure-html.cmsmasters.net/columns.html]
[medicure-html.cmsmasters.net/images/Young-attractive-man-710400-300x168.jpg]
[medicure-html.cmsmasters.net/images/chemist-at-work-710400-300x168.jpg]
[medicure-html.cmsmasters.net/images/consultation-s-710400-300x168.jpg]
[medicure-html.cmsmasters.net/images/stethoscope-on-clipboard-s-1-300x300.jpg]
[medicure-html.cmsmasters.net/images/chemist-at-work-300x300.jpg]
[medicure-html.cmsmasters.net/images/doctor-at-the-gym-s-300x300.jpg]
[medicure-html.cmsmasters.net/images/happy-baby-s-300x300.jpg]
[medicure-html.cmsmasters.net/images/happy-baby-s-600x370.jpg]
[medicure-html.cmsmasters.net/images/stethoscope-on-clipboard-s-600x370.jpg]
[medicure-html.cmsmasters.net/images/smiling-doctor-with-chin-on-hand-s-591x370.jpg]
[medicure-html.cmsmasters.net/openpost.html]
[medicure-html.cmsmasters.net/images/stethoscope-on-clipboard-s-710400-150x150.jpg]
[medicure-html.cmsmasters.net/images/img/PF-link.jpg]
[medicure-html.cmsmasters.net/images/happy-baby-s-710400-150x150.jpg]
[medicure-html.cmsmasters.net/images/img/PF-quote.jpg]
[medicure-html.cmsmasters.net/images/Woman-smiling-21-150x150.jpg]
[medicure-html.cmsmasters.net/tabs_and_toggle.html]
[medicure-html.cmsmasters.net/information_boxes.html]
[medicure-html.cmsmasters.net/pricing_tables.html]
[medicure-html.cmsmasters.net/images/Young-attractive-man-710400.jpg]
[medicure-html.cmsmasters.net/images/successful-physician-s-710400.jpg]
[medicure-html.cmsmasters.net/images/female-practitioner-s-710400-1.jpg]
[medicure-html.cmsmasters.net/images/biochemical-research-s-710400.jpg]
[medicure-html.cmsmasters.net/images/consultation-s-710400.jpg]
[medicure-html.cmsmasters.net/images/stethoscope-on-clipboard-s-710400.jpg]
[medicure-html.cmsmasters.net/images/happy-baby-s-710400.jpg]
[medicure-html.cmsmasters.net/images/ultrasound-s-710400.jpg]
[medicure-html.cmsmasters.net/images/smiling-doctor-with-chin-on-hand-s-710400.jpg]
[medicure-html.cmsmasters.net/images/doctor-at-the-gym-710400.jpg]
[medicure-html.cmsmasters.net/images/male-doctor-710400.jpg]
[medicure-html.cmsmasters.net/images/personal-counselor-s-710400.jpg]
[medicure-html.cmsmasters.net/content_slider.html]
[medicure-html.cmsmasters.net/posttype.html]
[medicure-html.cmsmasters.net/statistics.html]
[medicure-html.cmsmasters.net/contact_form.html]
[medicure-html.cmsmasters.net/images/3-home.jpg]
[medicure-html.cmsmasters.net/images/animal.png]
[medicure-html.cmsmasters.net/lightboxes.html]
[medicure-html.cmsmasters.net/media.html]
[medicure-html.cmsmasters.net/player.html]
[medicure-html.cmsmasters.net/js/jquery.jPlayer.playlist.min.js]
[medicure-html.cmsmasters.net/googlemaps.html]
[medicure-html.cmsmasters.net/about.html]
[medicure-html.cmsmasters.net/error.html]
[medicure-html.cmsmasters.net/js/jquery.jPlayer.min.js]
[medicure-html.cmsmasters.net/js/jquery.gMap.js]
[medicure-html.cmsmasters.net/pass.html]
[medicure-html.cmsmasters.net/sitemap.html]
[medicure-html.cmsmasters.net/images/doctors-9161.jpg]
[medicure-html.cmsmasters.net/images/doctor9161.jpg]
[medicure-html.cmsmasters.net/images/appointments9161.jpg]
[medicure-html.cmsmasters.net/images/old-doctor-300x300.jpg]
[medicure-html.cmsmasters.net/images/social_media_doctors-300x300.jpg]
[medicure-html.cmsmasters.net/images/team-member-300x300.jpg]
[medicure-html.cmsmasters.net/images/medical_assistant_career-150x150.jpg]
[medicure-html.cmsmasters.net/lsidebar.html]
[medicure-html.cmsmasters.net/rsidebar.html]
[medicure-html.cmsmasters.net/timeline_service.html]
[medicure-html.cmsmasters.net/timeline.html]
[medicure-html.cmsmasters.net/testimonial.html]
[medicure-html.cmsmasters.net/images/Happy-woman-150x150.jpg]
[medicure-html.cmsmasters.net/testimonials.html]
[medicure-html.cmsmasters.net/heading.html]
[medicure-html.cmsmasters.net/heading_text.html]
[medicure-html.cmsmasters.net/no_heading.html]
[medicure-html.cmsmasters.net/images/img/icon_heading.png]
[medicure-html.cmsmasters.net/heading_text_icon.html]
[medicure-html.cmsmasters.net/images/stethoscope-on-clipboard-s-710400-300x168.jpg]
[medicure-html.cmsmasters.net/images/biochemical-research-s-710400-300x169.jpg]
[medicure-html.cmsmasters.net/typography.html]
[medicure-html.cmsmasters.net/images/male-doctor-710400-300x169.jpg]
[medicure-html.cmsmasters.net/images/female-practitioner-s-710400-1-300x168.jpg]
[medicure-html.cmsmasters.net/images/smiling-doctor-with-chin-on-hand-s-710400-300x168.jpg]
[medicure-html.cmsmasters.net/widgets.html]
[medicure-html.cmsmasters.net/css/styles/jquery.isotope.css]
[medicure-html.cmsmasters.net/service_four_2.html]
[medicure-html.cmsmasters.net/js/jquery.isotope.min.js]
[medicure-html.cmsmasters.net/js/jquery.isotope.run.js]
[medicure-html.cmsmasters.net/service_four.html]
[medicure-html.cmsmasters.net/images/successful-physician-s-440x440.jpg]
[medicure-html.cmsmasters.net/images/chemist-at-work-710400-440x440.jpg]
[medicure-html.cmsmasters.net/service_three.html]
[medicure-html.cmsmasters.net/images/happy-baby-s-555x370.jpg]
[medicure-html.cmsmasters.net/images/ultrasound-s-555x370.jpg]
[medicure-html.cmsmasters.net/images/biochemical-research-s-555x370.jpg]
[medicure-html.cmsmasters.net/images/consultation-s-1-555x370.jpg]
[medicure-html.cmsmasters.net/images/stethoscope-on-clipboard-s-555x370.jpg]
[medicure-html.cmsmasters.net/images/male-doctor-555x370.jpg]
[medicure-html.cmsmasters.net/service_two.html]
[medicure-html.cmsmasters.net/doctors.html]
[medicure-html.cmsmasters.net/appointments.html]
[medicure-html.cmsmasters.net/images/stethoscope-on-clipboard-s-710400-710x400.jpg]
[medicure-html.cmsmasters.net/images/doctor-at-the-gym-710400-710x400.jpg]
[medicure-html.cmsmasters.net/images/consultation-s-710400-710x399.jpg]
[medicure-html.cmsmasters.net/images/Young-attractive-man-710400-710x399.jpg]
[medicure-html.cmsmasters.net/images/happy-baby-s-710400-710x400.jpg]
[medicure-html.cmsmasters.net/blog.html]
[medicure-html.cmsmasters.net/contacts.html]
[medicure-html.cmsmasters.net/images/stethoscope-on-clipboard-s-710400-820x465.jpg]
[apis.google.com/js/plusone.js]
[platform.twitter.com/widgets.js]
[assets.pinterest.com/images/PinExt.png]
[assets.pinterest.com/js/pinit.js]
[connect.facebook.net/en_US/all.js]
[medicure-html.cmsmasters.net/images/happy-baby-s-150x150.jpg]
[medicure-html.cmsmasters.net/images/smiling-doctor-with-chin-on-hand-s-150x150.jpg]
[medicure-html.cmsmasters.net/images/biochemical-research-s-150x150.jpg]
[medicure-html.cmsmasters.net/images/consultation-s-1-150x150.jpg]
[medicure-html.cmsmasters.net/images/male-doctor-150x150.jpg]
[medicure-html.cmsmasters.net/images/successful-physician-s-2-150x150.jpg]
[medicure-html.cmsmasters.net/images/img/PF-placeholder.jpg]
[medicure-html.cmsmasters.net/images/female-practitioner-s-11-150x150.jpg]
[medicure-html.cmsmasters.net/diagnosis_clinic.html]
[medicure-html.cmsmasters.net/images/male-doctor-710400-820x465.jpg]
[medicure-html.cmsmasters.net/dr_michael_linden.html]
[medicure-html.cmsmasters.net/images/img/nav_arrow_left.html]
[medicure-html.cmsmasters.net/images/img/nav_arrow_right.html]
[medicure-html.cmsmasters.net/images/img/arrow_list.html]
[medicure-html.cmsmasters.net/css/img/retina/bg_body@2x.html]
[medicure-html.cmsmasters.net/css/img/retina/error@2x.html]
[medicure-html.cmsmasters.net/css/img/retina/success@2x.html]
[medicure-html.cmsmasters.net/css/img/retina/notice@2x.html]
[medicure-html.cmsmasters.net/css/img/retina/warning@2x.html]
[medicure-html.cmsmasters.net/css/img/retina/download@2x.html]
[medicure-html.cmsmasters.net/css/fonts/icons1c87.html]
[medicure-html.cmsmasters.net/css/fonts/icons1c87.svg]
[medicure-html.cmsmasters.net/revolution/font/revicons90c6.html]
[medicure-html.cmsmasters.net/revolution/font/revicons90c6-2.html]
[medicure-html.cmsmasters.net/revolution/font/revicons90c6-3.html]
[medicure-html.cmsmasters.net/revolution/font/revicons90c6-4.html]
[medicure-html.cmsmasters.net/revolution/images/gradient/g30.html]
[medicure-html.cmsmasters.net/revolution/images/gradient/g40.html]
[medicure-html.cmsmasters.net/images/img/PF-aside.jpg]
[medicure-html.cmsmasters.net/images/color-blocks-1-150x150.jpg]
[medicure-html.cmsmasters.net/openpost.html]
[medicure-html.cmsmasters.net/js/jquery.easing.html]
[medicure-html.cmsmasters.net/php/sendmail.html]
[vjs.zencdn.net/oceans-clip.png]
[medicure-html.cmsmasters.net/indes.html]
[medicure-html.cmsmasters.net/lsidebare.html]
[medicure-html.cmsmasters.net/testimonial.html]
[medicure-html.cmsmasters.net/css/styles/jquery.isotope.css]
[medicure-html.cmsmasters.net/service_four_2.html]
[connect.facebook.net/en_US/all.js]
[medicure-html.cmsmasters.net/ABCDEFGHIJKLMNOPQRSTUVWXYZabcdefghijklmnopqrstuvwxyz0123456789+/index.html]
[medicure-html.cmsmasters.net/restserver.html]
[medicure-html.cmsmasters.net/dialog/index.html]
